C123820: SMBJ26A — LCSC stock 25520 — 2026-09-04T21:32:39.584681+00:00
C123946: SS54 — LCSC stock 46960 — 2026-09-04T21:32:38.063087+00:00
C141836: TLV62569DBVR — LCSC stock 128295 — 2026-09-04T21:32:37.690946+00:00
C14860: CL31B106KAHNNNE — LCSC stock 1052960 — 2026-09-04T21:32:39.182945+00:00
C15127: AO3401A — LCSC stock 244595 — 2026-09-04T21:32:39.691958+00:00
C1589: CL10B103KB8NNNC — LCSC stock 2840150 — 2026-09-04T21:32:39.313226+00:00
C1591: CL10B104KB8NNNC — LCSC stock 2493100 — 2026-09-04T21:32:38.954077+00:00
C165948: TYPE-C-31-M-12 — LCSC stock 284155 — 2026-09-04T21:32:37.263211+00:00
C19626599: SMTSOM240BTR — LCSC stock 875 — 2026-09-04T21:34:10.001349+00:00
C19724762: HR913180AE — LCSC stock 169 — 2026-09-04T21:32:37.227892+00:00
C2071517: AP64501SP-13 — LCSC stock 1806 — 2026-09-04T21:32:37.682590+00:00
C2074262: ESR18EZPF1001 — LCSC stock 11480 — 2026-09-04T21:32:40.354956+00:00
C2103: BZT52C10 — LCSC stock 85600 — 2026-09-04T21:32:39.704045+00:00
C22783: 0603WAF1153T5E — LCSC stock 95900 — 2026-09-04T21:32:38.615274+00:00
C22840: 0603WAF1431T5E — LCSC stock 14900 — 2026-09-04T21:32:38.347249+00:00
C22855: 0603WAF1052T5E — LCSC stock 125200 — 2026-09-04T21:32:38.845629+00:00
C22880: 0603WAF1582T5E — LCSC stock 41900 — 2026-09-04T21:32:38.774034+00:00
C23004: 0603WAF332JT5E — LCSC stock 30300 — 2026-09-04T21:32:39.980917+00:00
C23024: 0603WAF3003T5E — LCSC stock 440700 — 2026-09-04T21:32:38.978050+00:00
C23098: 0603WAF6982T5E — LCSC stock 32100 — 2026-09-04T21:32:38.534037+00:00
C23138: 0603WAF3300T5E — LCSC stock 2435600 — 2026-09-04T21:32:38.107244+00:00
C23181: 0603WAF4750T5E — LCSC stock 3300 — 2026-09-04T21:32:38.457299+00:00
C23185: 0603WAF499JT5E — LCSC stock 2062400 — 2026-09-04T21:32:38.508217+00:00
C23186: 0603WAF5101T5E — LCSC stock 20146800 — 2026-09-04T21:32:38.051660+00:00
C250547: RT9742GGJ5 — LCSC stock 6085 — 2026-09-04T21:32:37.703076+00:00
C25803: 0603WAF1003T5E — LCSC stock 17262200 — 2026-09-04T21:32:38.095536+00:00
C25811: 0603WAF2003T5E — LCSC stock 1621700 — 2026-09-04T21:32:38.891275+00:00
C25961: 0603WAF2212T5E — LCSC stock 16200 — 2026-09-04T21:32:38.495874+00:00
C2846043: CH343P — LCSC stock 4883 — 2026-09-04T21:32:37.653872+00:00
C2847540: MDA7050-3R3M — LCSC stock 742 — 2026-09-04T21:32:39.326260+00:00
C2848082: WC-PD60B120A — LCSC stock 15 — 2026-09-04T21:32:37.304659+00:00
C29936: CL10B105KA8NNNC — LCSC stock 1640030 — 2026-09-04T21:32:39.785787+00:00
C45783: CL21A226MAQNNNE — LCSC stock 1788200 — 2026-09-04T21:32:39.032809+00:00
C48467: 0451005.MRL — LCSC stock 27635 — 2026-09-04T21:32:40.428725+00:00
C500767: PI7C9X2G404SLBFDEX — LCSC stock 2750 — 2026-09-04T21:32:37.276258+00:00
C5301773: SMTSOM225BTR — LCSC stock 6500 — 2026-09-04T21:34:09.999921+00:00
C53444: MMBT3906LT1G — LCSC stock 1085650 — 2026-09-04T21:32:40.192534+00:00
C590854: 1-2199230-5 — LCSC stock 1169 — 2026-09-04T21:32:37.254522+00:00
C7428653: DC-005D-2.0-PU-SP(UL) — LCSC stock 385 — 2026-09-04T21:32:37.959444+00:00
C7435219: 10164227-1004A1RLF — LCSC stock 1174 — 2026-09-04T21:32:37.241261+00:00
C7519: USBLC6-2SC6 — LCSC stock 29315 — 2026-09-04T21:32:39.526801+00:00
C84713: CL10B272KB8NNNC — LCSC stock 34060 — 2026-09-04T21:32:39.297779+00:00
C8545: 2N7002 — LCSC stock 1740550 — 2026-09-04T21:32:40.225072+00:00
C88211: VLS252010HBX-1R0M-1 — LCSC stock 7680 — 2026-09-04T21:32:39.371507+00:00
C91145: TF-01A — LCSC stock 213170 — 2026-09-04T21:32:37.590375+00:00
C970725: CH224K — LCSC stock 2894 — 2026-09-04T21:32:37.631989+00:00
C98220: RC0603FR-0710KL — LCSC stock 11908000 — 2026-09-04T21:32:38.110740+00:00
